// Jest Snapshot v1, https://goo.gl/fbAQLP

exports[`colorPrimitives should match snapshot 1`] = `
Object {
  "alertError": "#e06050",
  "alertInformational": "#5b9be0",
  "alertSuccess": "#66ad5a",
  "alertWarning": "#e5973c",
  "brandBlack": "#131313",
  "brandBlue": "#6ca3e0",
  "brandGreen": "#d2d943",
  "brandLightGray": "#f7f7f7",
  "brandOrange": "#ff9e31",
  "brandPurple": "#8f6fdb",
  "brandSalmon": "#f2a28a",
  "brandWatermelon": "#ff5a5e",
  "brandWhite": "#ffffff",
  "brandYellow": "#f2c94c",
  "gray10": "#f7f7f7",
  "gray20": "#eeeeee",
  "gray30": "#e3e3e3",
  "gray40": "#d1d1d1",
  "gray50": "#acacac",
  "gray60": "#8b8b8b",
  "gray70": "#646464",
  "gray80": "#515151",
  "gray90": "#333333",
  "socialInvision": "#dc395f",
  "socialReact": "#53c1de",
  "socialTwitter": "#4aa1eb",
  "uiBlackDisabled": "rgba(19,19,19,0.4)",
  "uiBlackHighEmphasis": "#131313",
  "uiBlackMediumEmphasis": "rgba(19,19,19,0.67)",
  "uiErrorFocus": "#ce0e19",
  "uiErrorRegular": "#e90f1c",
  "uiFilterGreen": "#cdedc7",
  "uiInputBackground": "rgba(242,242,242,0.4)",
  "uiSelected": "#dfeaf9",
  "yellow10": "#fdf6e0",
  "yellow20": "#fae7b1",
  "yellow30": "#f6d77f",
  "yellow40": "#f2c94c",
  "yellow50": "#f0bc27",
  "yellow60": "#edb104",
  "yellow70": "#eda400",
}
`;
